[www.rexegg.com/index.html]
[a.yu8.us/icon_rexegg.png]
[backblue.gif]
[fade.gif]
[index.html]
[www.google.com/recaptcha/api.js]
[www.rexegg.com/.html]
[www.rexegg.com/regex-disambiguation.html]
[www.rexegg.com/regex-tricks.html]
[www.rexegg.com/regex-humor.html]
[www.rexegg.com/regex-consultant.html]
[b.yu8.us/copyscape-white.gif]
[www.rexegg.com/regex-cookbook.html]
[www.rexegg.com/regex-vs-regular-expression.html]
[www.rexegg.com/regex-quickstart.html]
[www.rexegg.com/regex-style.html]
[b.yu8.us/next_regex.png]
[www.rexegg.com/regex-best-trick.html]
[b.yu8.us/rightgraphic_rexegg3.png]
[www.rexegg.com/regex-uses.html]
[www.rexegg.com/regex-boundaries.html]
[www.rexegg.com/regex-anchors.html]
[www.rexegg.com/regex-capture.html]
[www.rexegg.com/regex-modifiers.html]
[www.rexegg.com/regex-lookarounds.html]
[www.rexegg.com/regex-quantifiers.html]
[www.rexegg.com/regex-explosive-quantifiers.html]
[www.rexegg.com/regex-conditionals.html]
[www.rexegg.com/regex-recursion.html]
[www.rexegg.com/regex-class-operations.html]
[www.rexegg.com/backtracking-control-verbs.html]
[www.rexegg.com/regex-gotchas.html]
[www.rexegg.com/pcre-callouts.html]
[www.rexegg.com/regex-quantifier-capture.html]
[www.rexegg.com/regex-interesting-character-classes.html]
[www.rexegg.com/regex-optimizations.html]
[www.rexegg.com/pcregrep-pcretest.html]
[www.rexegg.com/regex-perl-one-liners.html]
[www.rexegg.com/regex-firefox-shortcuts.html]
[www.rexegg.com/regex-tools.html]
[www.rexegg.com/regexbuddy-tutorial.html]
[www.rexegg.com/regex-books.html]
[www.rexegg.com/regex-trick-conditional-replacement.html]
[www.rexegg.com/regex-trick-line-numbers.html]
[www.rexegg.com/regex-trick-numbers-in-english.html]
[www.rexegg.com/regex-perl.html]
[www.rexegg.com/regex-csharp.html]
[www.rexegg.com/regex-php.html]
[www.rexegg.com/regex-python.html]
[www.rexegg.com/regex-java.html]
[www.rexegg.com/regex-javascript.html]
[www.rexegg.com/regex-ruby.html]
[www.rexegg.com/regex-vbnet.html]
[a.yu8.us/c_mastering-regex.jpg]
[www.rexegg.com/regexbuddy-trial.html]
[www.rexegg.com/index.html]
[b.yu8.us/search2.png]
[yu8.us/google_fonts/font01.woff2]
[yu8.us/google_fonts/font02.woff2]
[yu8.us/google_fonts/font03.woff2]
[yu8.us/google_fonts/font04.woff2]
[yu8.us/google_fonts/font05.woff2]
[yu8.us/google_fonts/font06.woff2]
[yu8.us/google_fonts/font07.woff2]
[yu8.us/google_fonts/font08.woff2]
[yu8.us/google_fonts/font09.woff2]
[yu8.us/google_fonts/font10.woff2]
[yu8.us/google_fonts/font11.woff2]
[yu8.us/google_fonts/font12.woff2]
[yu8.us/google_fonts/font13.woff2]
[yu8.us/google_fonts/google-lato-merriweather.css]
[www.rexegg.com/.html]
[www.rexegg.com/regex-disambiguation31ef.html]
[a.yu8.us/nav_next16.png]
[www.rexegg.com/regex-disambiguation.html]
[www.rexegg.com/regex-tricks.html]
[www.rexegg.com/regex-what-does-this-mean.html]
[b.yu8.us/humor-bell6.png]
[b.yu8.us/humor-NETRegexConsole2.png]
[a.yu8.us/xkcd-208-regular_expressions.png]
[a.yu8.us/xkcd-1031-leopard.png]
[b.yu8.us/xkcd-1171-perl_problems.png]
[b.yu8.us/xkcd-1313-regex-golf-600.png]
[a.yu8.us/xkcd-volume-0.png]
[www.rexegg.com/regex-humor.html]
[www.rexegg.com/regex-consultant.html]
[www.rexegg.com/regex-cookbook.html]
[www.rexegg.com/regex-vs-regular-expression.html]
[www.rexegg.com/regex-quickstart.html]
[www.rexegg.com/regex-style.html]
[www.rexegg.com/regex-quickstart31ef.html]
[ajax.googleapis.com/ajax/libs/jquery/1.11.0/jquery.min.js]
[www.rexegg.com/regex-best-trick.html]
[www.rexegg.com/regex-uses.html]
[www.rexegg.com/regex-boundaries.html]
[www.rexegg.com/regex-anchors.html]
[www.rexegg.com/regex-capture.html]
[www.rexegg.com/regex-modifiers.html]
[www.rexegg.com/regex-lookarounds.html]
[www.rexegg.com/regex-quantifiers.html]
[www.rexegg.com/regex-explosive-quantifiers.html]
[www.rexegg.com/regex-conditionals.html]
[www.rexegg.com/regex-lookarounds31ef.html]
[a.yu8.us/c_regex-bbbb.jpg]
[a.yu8.us/c_regex-bbbb_sm.jpg]
[a.yu8.us/c_regex-recursive-groups.jpg]
[a.yu8.us/c_regex-recursive-groups_sm.jpg]
[www.rexegg.com/regex-recursion.html]
[www.rexegg.com/regex-class-operations.html]
[www.rexegg.com/pcre-doc/08.37/pcrepattern.html]
[www.rexegg.com/backtracking-control-verbs.html]
[www.rexegg.com/regex-gotchas.html]
[www.rexegg.com/pcre-callouts.html]
[www.rexegg.com/regex_starwars.txt]
[www.rexegg.com/regex-quantifier-capture.html]
[www.rexegg.com/regex-interesting-character-classes.html]
[www.rexegg.com/regex-optimizations.html]
[www.rexegg.com/dl/1-recapa328.html]
[www.rexegg.com/dl/1-recapc5ee.html]
[www.rexegg.com/dl/1-recapb43d.html]
[www.rexegg.com/dl/1-recap445a.html]
[www.rexegg.com/dl/1-recape918.html]
[www.rexegg.com/dl/1-recap5091.html]
[www.rexegg.com/dl/1-recap459f.html]
[www.rexegg.com/dl/1-recap5980.html]
[www.rexegg.com/dl/1-recap22f0.html]
[www.rexegg.com/dl/1-recapda43.html]
[www.rexegg.com/dl/1-recapdc6e.html]
[www.rexegg.com/dl/1-recap36dd.html]
[www.rexegg.com/dl/1-recapd3df.html]
[www.rexegg.com/dl/1-recap3272.html]
[www.rexegg.com/dl/1-recapa436.html]
[www.rexegg.com/dl/1-recap0974.html]
[www.rexegg.com/dl/1-recap6682.html]
[www.rexegg.com/dl/1-recapd508.html]
[www.rexegg.com/dl/1-recap43c9.html]
[www.rexegg.com/dl/1-recapfafd.html]
[www.rexegg.com/dl/1-recapa71d.html]
[www.rexegg.com/dl/1-recap22d7.html]
[www.rexegg.com/dl/1-recap2d31.html]
[www.rexegg.com/dl/1-recapc2cb.html]
[www.rexegg.com/dl/1-recap61e5.html]
[www.rexegg.com/dl/1-recap8c95.html]
[www.rexegg.com/dl/1-recap961a.html]
[www.rexegg.com/dl/1-recap13b3.html]
[www.rexegg.com/dl/1-recap169d.html]
[www.rexegg.com/dl/1-recap67a5.html]
[www.rexegg.com/dl/1-recap4c7c.html]
[www.rexegg.com/dl/1-recapf00c.html]
[www.rexegg.com/pcregrep-pcretest.html]
[www.rexegg.com/regex-perl-one-liners.html]
[www.rexegg.com/regex-firefox-shortcuts.html]
[b.yu8.us/r101-explain.png]
[b.yu8.us/r101-menu.png]
[b.yu8.us/r_aba.gif]
[b.yu8.us/rexegg/text-distill3.png]
[b.yu8.us/debuggex-rexegg.png]
[www.rexegg.com/regex-tools.html]
[b.yu8.us/rexegg/rb-jan.jpg]
[b.yu8.us/rexegg/rb-languages3.png]
[b.yu8.us/rexegg/rb-layout.png]
[b.yu8.us/rexegg/rb-prefs.png]
[b.yu8.us/rb4-tabs2.png]
[b.yu8.us/rexegg/rb-modes.png]
[b.yu8.us/rexegg/regexbuddy-pattern-box.png]
[b.yu8.us/rexegg/rb-insert-token.png]
[b.yu8.us/rexegg/rb-syntax-highlighting.png]
[b.yu8.us/rexegg/rb-prefs-icon.png]
[b.yu8.us/rexegg/regexbuddy-pattern-box-black.png]
[b.yu8.us/rexegg/regexbuddy-in-word2.png]
[b.yu8.us/rexegg/rb-replace-box.png]
[b.yu8.us/rexegg/rb-history-pane.png]
[b.yu8.us/rexegg/rb-clear-history.png]
[b.yu8.us/rexegg/rb-explain.png]
[b.yu8.us/rexegg/rb-explain-export.png]
[b.yu8.us/rexegg/rb-explain-html.png]
[b.yu8.us/rexegg/rb-compare.png]
[b.yu8.us/rexegg/rb-test.png]
[b.yu8.us/rexegg/rb-test-highlight.png]
[b.yu8.us/rexegg/rb-test-listall.png]
[b.yu8.us/rexegg/rb-test-wholefile.png]
[b.yu8.us/rexegg/rb-test-linebreaks.png]
[b.yu8.us/rexegg/rb-test-open.png]
[b.yu8.us/rexegg/rb-test-save.png]
[b.yu8.us/rexegg/rb-test-paste.png]
[b.yu8.us/rexegg/rb-test-web.png]
[b.yu8.us/rexegg/rb-test-debug.png]
[b.yu8.us/rexegg/rb-test-arrows.png]
[b.yu8.us/rexegg/rb-debug-create3.png]
[b.yu8.us/rexegg/rb-debug-pulldown.png]
[b.yu8.us/rexegg/rb-debug-test2.png]
[b.yu8.us/rexegg/rb-use.png]
[b.yu8.us/rexegg/rb-use-edit.png]
[b.yu8.us/rexegg/rb-use-new.png]
[b.yu8.us/rexegg/rb-languages-select-template.png]
[b.yu8.us/rexegg/rb-convert2.png]
[b.yu8.us/rexegg/rb-convert-message.png]
[b.yu8.us/rexegg/rb-convert-accept.png]
[b.yu8.us/rexegg/rb-convert-layout.png]
[b.yu8.us/rexegg/rb-library2.png]
[b.yu8.us/rexegg/rb-library-new.png]
[b.yu8.us/rexegg/rb-library-save.png]
[b.yu8.us/rexegg/rb-library-open.png]
[b.yu8.us/rexegg/rb-library-use.png]
[b.yu8.us/rexegg/rb-library-update.png]
[b.yu8.us/rexegg/rb-library-add.png]
[b.yu8.us/rexegg/rb-library-layout.png]
[b.yu8.us/rexegg/rb-grep2.png]
[b.yu8.us/rexegg/rb-grep-button.png]
[b.yu8.us/rexegg/rb-grep-edit.png]
[b.yu8.us/rexegg/rb-grep-undo.png]
[b.yu8.us/rexegg/rb-grep-save-open.png]
[b.yu8.us/rexegg/rb-forum-login.png]
[b.yu8.us/rexegg/rb-forum.png]
[b.yu8.us/rexegg/rb-forum-epp.png]
[b.yu8.us/rexegg/rb-forum-refresh.png]
[b.yu8.us/rexegg/rb-forum-send.png]
[b.yu8.us/rexegg/rb-forum-attach.png]
[b.yu8.us/rexegg/rb-forum-use.png]
[b.yu8.us/rexegg/rb-forum-feeds.png]
[b.yu8.us/rexegg/rb-controls.png]
[b.yu8.us/rexegg/rb-helpful.png]
[b.yu8.us/rexegg/rb-copypaste.png]
[b.yu8.us/rexegg/rb-undo.png]
[b.yu8.us/rexegg/rb-debug-layout.png]
[b.yu8.us/rexegg/rb-help.png]
[b.yu8.us/rexegg/rb-xkcd-208.png]
[b.yu8.us/rexegg/rb-modifiers.png]
[b.yu8.us/rexegg/rb-new-language.png]
[b.yu8.us/rexegg/rb-ahk-shortcuts.png]
[www.rexegg.com/regexbuddy-tutorial.html]
[a.yu8.us/c_regex-cookbook.jpg]
[www.rexegg.com/regex-books.html]
[www.rexegg.com/regex-trick-conditional-replacement.html]
[www.rexegg.com/regex-trick-line-numbers.html]
[www.rexegg.com/regex-trick-numbers-in-english.html]
[www.rexegg.com/regex-perl.html]
[www.rexegg.com/regex-csharp.html]
[www.rexegg.com/regex-php.html]
[www.rexegg.com/regex-python.html]
[www.rexegg.com/regex-java.html]
[www.rexegg.com/regex-javascript.html]
[www.rexegg.com/regex-ruby.html]
[www.rexegg.com/regex-vbnet.html]
[regex101.com/js/pcrelib16.html]
[www.rexegg.com/regexbuddy-trial.html]
[www.rexegg.com/regex-disambiguation31ef.html]
[b.yu8.us/nav_previous16.png]
[www.rexegg.com/regex-what-does-this-mean.html]
[www.rexegg.com/regex-disambiguation3c57.html]
[www.rexegg.com/regex-quickstart31ef.html]
[www.rexegg.com/generalcase.html]
[www.rexegg.com/regex-quickstart3c57.html]
[www.rexegg.com/regex-lookarounds31ef.html]
[www.rexegg.com/_latest/pcrepattern.html]
[www.rexegg.com/regex-lookarounds3c57.html]
[www.rexegg.com/pcre-doc/08.37/pcrepattern.html]
[www.rexegg.com/dl/1-recapa328.html]
[www.rexegg.com/dl/1-recapc5ee.html]
[www.rexegg.com/dl/1-recapb43d.html]
[www.rexegg.com/dl/1-recap445a.html]
[www.rexegg.com/dl/1-recape918.html]
[www.rexegg.com/dl/1-recap5091.html]
[www.rexegg.com/dl/1-recap459f.html]
[www.rexegg.com/dl/1-recap5980.html]
[www.rexegg.com/dl/1-recap22f0.html]
[www.rexegg.com/dl/1-recapda43.html]
[www.rexegg.com/dl/1-recapdc6e.html]
[www.rexegg.com/dl/1-recap36dd.html]
[www.rexegg.com/dl/1-recapd3df.html]
[www.rexegg.com/dl/1-recap3272.html]
[www.rexegg.com/dl/1-recapa436.html]
[www.rexegg.com/dl/1-recap0974.html]
[www.rexegg.com/dl/1-recap6682.html]
[www.rexegg.com/dl/1-recapd508.html]
[www.rexegg.com/dl/1-recap43c9.html]
[www.rexegg.com/dl/1-recapfafd.html]
[www.rexegg.com/dl/1-recapa71d.html]
[www.rexegg.com/dl/1-recap22d7.html]
[www.rexegg.com/dl/1-recap2d31.html]
[www.rexegg.com/dl/1-recapc2cb.html]
[www.rexegg.com/dl/1-recap61e5.html]
[www.rexegg.com/dl/1-recap8c95.html]
[www.rexegg.com/dl/1-recap961a.html]
[www.rexegg.com/dl/1-recap13b3.html]
[www.rexegg.com/dl/1-recap169d.html]
[www.rexegg.com/dl/1-recap67a5.html]
[www.rexegg.com/dl/1-recap4c7c.html]
[www.rexegg.com/dl/1-recapf00c.html]
[www.rexegg.com/regexbuddy_autohotkey.html]
[regex101.com/static/assets/apple-icon-57x57.png]
[regex101.com/static/assets/apple-icon-60x60.png]
[regex101.com/static/assets/apple-icon-72x72.png]
[regex101.com/static/assets/apple-icon-76x76.png]
[regex101.com/static/assets/apple-icon-114x114.png]
[regex101.com/static/assets/apple-icon-120x120.png]
[regex101.com/static/assets/apple-icon-144x144.png]
[regex101.com/static/assets/apple-icon-152x152.png]
[regex101.com/static/assets/apple-icon-180x180.png]
[regex101.com/static/assets/favicon-16x16.png]
[regex101.com/static/assets/favicon-32x32.png]
[regex101.com/static/assets/favicon-96x96.png]
[regex101.com/static/assets/android-icon-192x192.png]
[regex101.com/preview.html]
[regex101.com/static/bundle.6ae25e0ea8e7f56f6582.css]
[regex101.com/js/pcrelib16.html]
[www.rexegg.com/regex-disambiguation3c57.html]
[www.rexegg.com/regex-quickstart3c57.html]
[www.rexegg.com/regex-lookarounds3c57.html]
[regex101.com/static/bundle.js]
[regex101.com/static/vendor.8a69aba5.chunk.js]
[regex101.com/static/assets/favicon.ico]
[regex101.com/static/assets/manifest.webmanifest]
[regex101.com/preview.html]
[regex101.com/static/assets/open-sans-v13-latin-300.bc5457c1.woff2]
[regex101.com/static/manifest.json]
[regex101.com/static/assets/open-sans-v13-latin-300.0d0d7107.woff]
[regex101.com/static/assets/open-sans-v13-latin-regular.e64cab16.woff2]
[regex101.com/static/assets/open-sans-v13-latin-regular.ce659615.woff]
[regex101.com/static/assets/open-sans-v13-latin-italic.2868c329.woff2]
[regex101.com/static/assets/open-sans-v13-latin-italic.8a81b690.woff]
[regex101.com/static/assets/open-sans-v13-latin-700.73437ad4.woff2]
[regex101.com/static/assets/open-sans-v13-latin-700.72862e7c.woff]
[regex101.com/static/assets/fontello.15ac8b5c.eot]
[regex101.com/static/assets/fontello.6e2bb27d.woff2]
[regex101.com/static/assets/fontello.096a1de6.woff]
[regex101.com/static/assets/fontello.64fa4a86.ttf]
[regex101.com/static/bundle.6ae25e0ea8e7f56f6582.css]
[regex101.com/static/assets/fontello.84a9c2f9.svg]
[regex101.com/static/assets/fontello.84a9c2f9.svg]
